../Core/Src/main.c:127:5:__io_putchar	1
../Core/Src/main.c:155:5:main	3
../Core/Src/main.c:237:6:SystemClock_Config	4
../Core/Src/main.c:290:13:SystemPower_Config	2
../Core/Src/main.c:309:13:MX_ADC1_Init	3
../Core/Src/main.c:371:13:MX_ICACHE_Init	1
../Core/Src/main.c:392:13:MX_TIM1_Init	7
../Core/Src/main.c:475:13:MX_USART1_UART_Init	5
../Core/Src/main.c:523:13:MX_USART3_UART_Init	5
../Core/Src/main.c:571:13:MX_GPIO_Init	1
../Core/Src/main.c:588:14:clamp_float	3
../Core/Src/main.c:598:17:clamp_u32	3
../Core/Src/main.c:608:13:PWM_Set	5
../Core/Src/main.c:634:13:ADC_ReadPressure	5
../Core/Src/main.c:664:17:Modbus_CRC16	4
../Core/Src/main.c:681:13:JSY_ReadPeriodic	4
../Core/Src/main.c:698:13:JSY_SetBaudRate	2
../Core/Src/main.c:707:13:JSY_ScanBus	4
../Core/Src/main.c:746:16:JSY_ReadMeasurements	9
../Core/Src/main.c:808:13:UART_StartReceiveIT	1
../Core/Src/main.c:812:13:UART_ProcessCommand	12
../Core/Src/main.c:889:13:UART_SendTelemetry	1
../Core/Src/main.c:915:6:HAL_UART_RxCpltCallback	6
../Core/Src/main.c:940:6:Error_Handler	1
