../Core/Src/main.c:99:5:__io_putchar	16	static
../Core/Src/main.c:122:5:main	120	static,ignoring_inline_asm
../Core/Src/main.c:202:6:SystemClock_Config	128	static
../Core/Src/main.c:255:13:SystemPower_Config	8	static
../Core/Src/main.c:274:13:MX_ADC1_Init	40	static
../Core/Src/main.c:336:13:MX_ICACHE_Init	4	static
../Core/Src/main.c:357:13:MX_TIM1_Init	120	static
../Core/Src/main.c:440:13:MX_USART1_UART_Init	8	static
../Core/Src/main.c:488:13:MX_GPIO_Init	16	static
../Core/Src/main.c:504:14:clamp_float	24	static
../Core/Src/main.c:514:17:clamp_u32	24	static
../Core/Src/main.c:524:13:PWM_Set	24	static
../Core/Src/main.c:550:13:ADC_ReadPressure	8	static
../Core/Src/main.c:564:13:UART_StartReceiveIT	8	static
../Core/Src/main.c:568:13:UART_ProcessCommand	160	static
../Core/Src/main.c:640:13:UART_SendTelemetry	64	static
../Core/Src/main.c:657:6:HAL_UART_RxCpltCallback	16	static
../Core/Src/main.c:682:6:Error_Handler	4	static,ignoring_inline_asm
